\BOOKMARK [1][-]{section.1}{\376\377\000A\000u\000f\000g\000a\000b\000e\000n\000s\000t\000e\000l\000l\000u\000n\000g}{}% 1
\BOOKMARK [2][-]{subsection.1.1}{\376\377\000V\000o\000r\000a\000r\000b\000e\000i\000t}{section.1}% 2
\BOOKMARK [3][-]{subsubsection.1.1.1}{\376\377\000N\000a\000v\000i\000g\000a\000t\000i\000o\000n}{subsection.1.1}% 3
\BOOKMARK [3][-]{subsubsection.1.1.2}{\376\377\000O\000b\000j\000e\000k\000t\000e\000r\000k\000e\000n\000n\000u\000n\000g}{subsection.1.1}% 4
\BOOKMARK [1][-]{section.2}{\376\377\000L\000a\000b\000o\000r\000v\000e\000r\000b\000i\000n\000d\000u\000n\000g}{}% 5
\BOOKMARK [2][-]{subsection.2.1}{\376\377\000A\000I\000\040\000C\000o\000m\000p\000u\000t\000e\000r}{section.2}% 6
\BOOKMARK [2][-]{subsection.2.2}{\376\377\000N\000i\000r\000y\000o\000\040\000N\000e\000d\000\040\000C\000o\000m\000p\000u\000t\000e\000r}{section.2}% 7
\BOOKMARK [2][-]{subsection.2.3}{\376\377\000P\000r\000e\000f\000i\000x\000\040\000\374\000b\000e\000r\000s\000e\000t\000z\000u\000n\000g}{section.2}% 8
\BOOKMARK [1][-]{section.3}{\376\377\000O\000b\000j\000e\000k\000t\000e\000r\000k\000e\000n\000n\000u\000n\000g}{}% 9
\BOOKMARK [2][-]{subsection.3.1}{\376\377\000T\000i\000e\000f\000e\000n\000e\000r\000k\000e\000n\000n\000u\000n\000g}{section.3}% 10
\BOOKMARK [1][-]{section.4}{\376\377\000E\000i\000n\000f\000\374\000h\000r\000u\000n\000g}{}% 11
\BOOKMARK [2][-]{subsection.4.1}{\376\377\000Z\000i\000e\000l\000s\000e\000t\000z\000u\000n\000g}{section.4}% 12
\BOOKMARK [2][-]{subsection.4.2}{\376\377\000T\000u\000r\000t\000l\000e\000b\000o\000t}{section.4}% 13
\BOOKMARK [2][-]{subsection.4.3}{\376\377\000G\000a\000z\000e\000b\000o}{section.4}% 14
\BOOKMARK [1][-]{section.5}{\376\377\000N\000a\000v\000i\000g\000a\000t\000i\000o\000n}{}% 15
\BOOKMARK [2][-]{subsection.5.1}{\376\377\000G\000e\000n\000u\000t\000z\000t\000e\000\040\000S\000e\000n\000s\000o\000r\000e\000n}{section.5}% 16
\BOOKMARK [2][-]{subsection.5.2}{\376\377\000S\000L\000A\000M\000\040\000B\000i\000b\000l\000i\000o\000t\000h\000e\000k}{section.5}% 17
\BOOKMARK [3][-]{subsubsection.5.2.1}{\376\377\000t\000u\000r\000t\000l\000e\000b\000o\000t\0003\000\137\000c\000a\000r\000t\000o\000g\000r\000a\000p\000h\000e\000r}{subsection.5.2}% 18
\BOOKMARK [3][-]{subsubsection.5.2.2}{\376\377\000\334\000b\000e\000r\000s\000e\000t\000z\000u\000n\000g\000\040\000z\000w\000i\000s\000c\000h\000e\000n\000\040\000K\000o\000o\000r\000d\000i\000n\000a\000t\000e\000n\000s\000y\000s\000t\000e\000m\000e\000n}{subsection.5.2}% 19
\BOOKMARK [2][-]{subsection.5.3}{\376\377\000F\000i\000n\000d\000u\000n\000g\000\040\000d\000e\000s\000\040\000N\000a\000v\000i\000g\000a\000t\000i\000o\000n\000s\000z\000i\000e\000l\000s}{section.5}% 20
\BOOKMARK [3][-]{subsubsection.5.3.1}{\376\377\000E\000r\000k\000u\000n\000d\000u\000n\000g}{subsection.5.3}% 21
\BOOKMARK [3][-]{subsubsection.5.3.2}{\376\377\000W\000i\000e\000d\000e\000r\000b\000e\000s\000u\000c\000h}{subsection.5.3}% 22
\BOOKMARK [2][-]{subsection.5.4}{\376\377\000N\000a\000v\000i\000g\000i\000e\000r\000e\000n\000\040\000z\000u\000m\000\040\000Z\000i\000e\000l}{section.5}% 23
\BOOKMARK [3][-]{subsubsection.5.4.1}{\376\377\000D\000i\000j\000k\000s\000t\000r\000a\000\040\000W\000e\000g\000f\000i\000n\000d\000u\000n\000g}{subsection.5.4}% 24
\BOOKMARK [3][-]{subsubsection.5.4.2}{\376\377\000A\000*\000\040\000H\000e\000u\000r\000i\000s\000t\000i\000k}{subsection.5.4}% 25
\BOOKMARK [3][-]{subsubsection.5.4.3}{\376\377\000I\000m\000p\000l\000e\000m\000e\000n\000t\000i\000e\000r\000u\000n\000g}{subsection.5.4}% 26
\BOOKMARK [3][-]{subsubsection.5.4.4}{\376\377\000V\000e\000r\000w\000a\000l\000t\000u\000n\000g\000\040\000d\000e\000r\000\040\000a\000k\000t\000u\000e\000l\000l\000e\000n\000\040\000A\000u\000f\000g\000a\000b\000e}{subsection.5.4}% 27
\BOOKMARK [1][-]{section.6}{\376\377\000S\000e\000m\000a\000n\000t\000i\000s\000c\000h\000e\000\040\000K\000a\000r\000t\000e}{}% 28
\BOOKMARK [2][-]{subsection.6.1}{\376\377\000O\000b\000j\000e\000k\000t\000e\000r\000k\000e\000n\000n\000u\000n\000g}{section.6}% 29
\BOOKMARK [2][-]{subsection.6.2}{\376\377\000O\000b\000j\000e\000k\000t\000\040\000P\000o\000s\000i\000t\000i\000o\000n\000i\000e\000r\000u\000n\000g}{section.6}% 30
